categories_features_add
categories_features_edit
categories_features
categories
category_add
category_edit
component_add
component_edit
components_features_add
components_features_edit
components_features
components
configuration_add
configuration_component_add
configuration_component_edit
configuration_components
configuration_edit
configurations
configuration_subconfig_add
configuration_subconfig_edit
configuration_subconfigs
feature_add
feature_edit
features
manufacturer_add
manufacturer_edit
manufacturers
picture_add
picture_edit
picture_info
pictures
recipe_add
recipe_content_add
recipe_content_edit
recipe_content
recipe_edit
recipes
tag_add
tag_edit
tags
categories_features_add
categories_features_edit
categories_features
categories
category_add
category_edit
component_add
component_edit
components_features_add
components_features_edit
components_features
components
configuration_add
configuration_component_add
configuration_component_edit
configuration_components
configuration_edit
configurations
configuration_subconfig_add
configuration_subconfig_edit
configuration_subconfigs
feature_add
feature_edit
features
manufacturer_add
manufacturer_edit
manufacturers
picture_add
picture_edit
picture_info
pictures
recipe_add
recipe_content_add
recipe_content_edit
recipe_content
recipe_edit
recipes
tag_add
tag_edit
tags
